2026-04-14 19:12:52 [INFO] App starting. User=steve Host=DESKTOP-AD0K85U
2026-04-14 19:12:55 [INFO] Provisioning module imported from E:\source\repo\SQL-New-User-App\source\UI\..\Provisioning\Provisioning.psm1
2026-04-14 19:12:55 [INFO] Showing login dialog
2026-04-14 19:12:59 [INFO] OK clicked. Raw text='DESKTOP-AD0K85U\steve'
2026-04-14 19:12:59 [INFO] OK handler set NewUserLogin='DESKTOP-AD0K85U\steve' AuthType='Windows'
2026-04-14 19:12:59 [INFO] Login dialog closed. NewUserLogin='DESKTOP-AD0K85U\steve' AuthType='Windows'
2026-04-14 19:12:59 [INFO] Opening main window
2026-04-14 19:12:59 [INFO] Show-MainWindow: loading XAML
2026-04-14 19:12:59 [INFO] Show-MainWindow: XAML loaded, wiring controls
2026-04-14 19:12:59 [INFO] Show-MainWindow: calling ShowDialog
2026-04-14 19:12:59 [INFO] Main window Loaded event fired
2026-04-14 19:13:28 [INFO] Assign clicked for 'DESKTOP-AD0K85U\steve' on 2 server(s)
2026-04-14 19:13:28 [INFO]   [DESKTOP-AD0K85U\MSSQL2] ServerRoles=dbcreator DbRoles=Test1=db_datareader; Test2=db_datareader
2026-04-14 19:13:29 [INFO] [DESKTOP-AD0K85U\MSSQL2] === Provisioning 'DESKTOP-AD0K85U\steve' on 'DESKTOP-AD0K85U\MSSQL2' ===
2026-04-14 19:13:29 [INFO] [DESKTOP-AD0K85U\MSSQL2] DESKTOP-AD0K85U\steve - Exists on this server
2026-04-14 19:13:29 [INFO] [DESKTOP-AD0K85U\MSSQL2] Login 'DESKTOP-AD0K85U\steve' already exists on 'DESKTOP-AD0K85U\MSSQL2'. Skipping creation.
2026-04-14 19:13:29 [INFO] [DESKTOP-AD0K85U\MSSQL2] Failed to grant server role 'dbcreator' to 'DESKTOP-AD0K85U\steve' on 'DESKTOP-AD0K85U\MSSQL2': Exception calling "ShouldProcess" with "2" argument(s): "Object reference not set to an instance of an object."
2026-04-14 19:13:29 [INFO] [DESKTOP-AD0K85U\MSSQL2] User for 'DESKTOP-AD0K85U\steve' already exists in 'Test1' on 'DESKTOP-AD0K85U\MSSQL2'. Skipping.
2026-04-14 19:13:29 [INFO] [DESKTOP-AD0K85U\MSSQL2] [19:13:29][Add-DbaDbRoleMember] User or role DESKTOP-AD0K85U\steve does not exist in [Test1] on [DESKTOP-AD0K85U\MSSQL2]
2026-04-14 19:13:29 [INFO] [DESKTOP-AD0K85U\MSSQL2] Granted DB role 'db_datareader' to 'DESKTOP-AD0K85U\steve' in 'Test1' on 'DESKTOP-AD0K85U\MSSQL2'.
2026-04-14 19:13:29 [INFO] [DESKTOP-AD0K85U\MSSQL2] User for 'DESKTOP-AD0K85U\steve' already exists in 'Test2' on 'DESKTOP-AD0K85U\MSSQL2'. Skipping.
2026-04-14 19:13:29 [INFO] [DESKTOP-AD0K85U\MSSQL2] [19:13:29][Add-DbaDbRoleMember] User or role DESKTOP-AD0K85U\steve does not exist in [Test2] on [DESKTOP-AD0K85U\MSSQL2]
2026-04-14 19:13:29 [INFO] [DESKTOP-AD0K85U\MSSQL2] Granted DB role 'db_datareader' to 'DESKTOP-AD0K85U\steve' in 'Test2' on 'DESKTOP-AD0K85U\MSSQL2'.
2026-04-14 19:13:29 [INFO] [DESKTOP-AD0K85U\MSSQL2] === Provisioning complete for 'DESKTOP-AD0K85U\steve' on 'DESKTOP-AD0K85U\MSSQL2' ===
2026-04-14 19:13:29 [INFO]   [DESKTOP-AD0K85U\MSSQL3] ServerRoles=dbcreator DbRoles=InstanceTest1=db_datareader
2026-04-14 19:13:29 [INFO] [DESKTOP-AD0K85U\MSSQL3] === Provisioning 'DESKTOP-AD0K85U\steve' on 'DESKTOP-AD0K85U\MSSQL3' ===
2026-04-14 19:13:29 [INFO] [DESKTOP-AD0K85U\MSSQL3] DESKTOP-AD0K85U\steve - Exists on this server
2026-04-14 19:13:29 [INFO] [DESKTOP-AD0K85U\MSSQL3] Login 'DESKTOP-AD0K85U\steve' already exists on 'DESKTOP-AD0K85U\MSSQL3'. Skipping creation.
2026-04-14 19:13:29 [INFO] [DESKTOP-AD0K85U\MSSQL3] Failed to grant server role 'dbcreator' to 'DESKTOP-AD0K85U\steve' on 'DESKTOP-AD0K85U\MSSQL3': Exception calling "ShouldProcess" with "2" argument(s): "Object reference not set to an instance of an object."
2026-04-14 19:13:29 [INFO] [DESKTOP-AD0K85U\MSSQL3] User for 'DESKTOP-AD0K85U\steve' already exists in 'InstanceTest1' on 'DESKTOP-AD0K85U\MSSQL3'. Skipping.
2026-04-14 19:13:29 [INFO] [DESKTOP-AD0K85U\MSSQL3] [19:13:29][Add-DbaDbRoleMember] User or role DESKTOP-AD0K85U\steve does not exist in [InstanceTest1] on [DESKTOP-AD0K85U\MSSQL3]
2026-04-14 19:13:29 [INFO] [DESKTOP-AD0K85U\MSSQL3] Granted DB role 'db_datareader' to 'DESKTOP-AD0K85U\steve' in 'InstanceTest1' on 'DESKTOP-AD0K85U\MSSQL3'.
2026-04-14 19:13:29 [INFO] [DESKTOP-AD0K85U\MSSQL3] === Provisioning complete for 'DESKTOP-AD0K85U\steve' on 'DESKTOP-AD0K85U\MSSQL3' ===
2026-04-14 19:14:41 [INFO] OK clicked. Raw text='NewTestUser'
2026-04-14 19:14:41 [INFO] OK handler set NewUserLogin='NewTestUser' AuthType='SQL'
2026-04-14 19:15:02 [INFO] Assign clicked for 'NewTestUser' on 2 server(s)
2026-04-14 19:15:02 [INFO]   [DESKTOP-AD0K85U\MSSQL2] ServerRoles=dbcreator DbRoles=Test1=db_datareader; Test2=db_datareader
2026-04-14 19:15:03 [INFO] [DESKTOP-AD0K85U\MSSQL2] === Provisioning 'NewTestUser' on 'DESKTOP-AD0K85U\MSSQL2' ===
2026-04-14 19:15:03 [INFO] [DESKTOP-AD0K85U\MSSQL2] NewTestUser - Does not exist on this server
2026-04-14 19:15:03 [INFO] [DESKTOP-AD0K85U\MSSQL2] [19:15:02][New-DbaLogin] DESKTOP-AD0K85U\MSSQL2 does not have Mixed Mode enabled. [NewTestUser] is an SQL Login. Enable mixed mode authentication after the migration completes to use this type of login.
2026-04-14 19:15:03 [INFO] [DESKTOP-AD0K85U\MSSQL2] [NewTestUser]
2026-04-14 19:15:03 [INFO] [DESKTOP-AD0K85U\MSSQL2] Created SQL login 'NewTestUser' on 'DESKTOP-AD0K85U\MSSQL2'.
2026-04-14 19:15:03 [INFO] [DESKTOP-AD0K85U\MSSQL2] Failed to grant server role 'dbcreator' to 'NewTestUser' on 'DESKTOP-AD0K85U\MSSQL2': Exception calling "ShouldProcess" with "2" argument(s): "Object reference not set to an instance of an object."
2026-04-14 19:15:03 [INFO] [DESKTOP-AD0K85U\MSSQL2] [NewTestUser]
2026-04-14 19:15:03 [INFO] [DESKTOP-AD0K85U\MSSQL2] Created database user for 'NewTestUser' in 'Test1' on 'DESKTOP-AD0K85U\MSSQL2'.
2026-04-14 19:15:03 [INFO] [DESKTOP-AD0K85U\MSSQL2] Failed to grant DB role 'db_datareader' to 'NewTestUser' in 'Test1': Exception calling "ShouldProcess" with "2" argument(s): "Object reference not set to an instance of an object."
2026-04-14 19:15:03 [INFO] [DESKTOP-AD0K85U\MSSQL2] [NewTestUser]
2026-04-14 19:15:03 [INFO] [DESKTOP-AD0K85U\MSSQL2] Created database user for 'NewTestUser' in 'Test2' on 'DESKTOP-AD0K85U\MSSQL2'.
2026-04-14 19:15:03 [INFO] [DESKTOP-AD0K85U\MSSQL2] Failed to grant DB role 'db_datareader' to 'NewTestUser' in 'Test2': Exception calling "ShouldProcess" with "2" argument(s): "Object reference not set to an instance of an object."
2026-04-14 19:15:03 [INFO] [DESKTOP-AD0K85U\MSSQL2] === Provisioning complete for 'NewTestUser' on 'DESKTOP-AD0K85U\MSSQL2' ===
2026-04-14 19:15:03 [INFO]   [DESKTOP-AD0K85U\MSSQL3] ServerRoles=dbcreator DbRoles=InstanceTest1=db_datareader
2026-04-14 19:15:03 [INFO] [DESKTOP-AD0K85U\MSSQL3] === Provisioning 'NewTestUser' on 'DESKTOP-AD0K85U\MSSQL3' ===
2026-04-14 19:15:03 [INFO] [DESKTOP-AD0K85U\MSSQL3] NewTestUser - Does not exist on this server
2026-04-14 19:15:03 [INFO] [DESKTOP-AD0K85U\MSSQL3] [19:15:03][New-DbaLogin] DESKTOP-AD0K85U\MSSQL3 does not have Mixed Mode enabled. [NewTestUser] is an SQL Login. Enable mixed mode authentication after the migration completes to use this type of login.
2026-04-14 19:15:03 [INFO] [DESKTOP-AD0K85U\MSSQL3] [NewTestUser]
2026-04-14 19:15:03 [INFO] [DESKTOP-AD0K85U\MSSQL3] Created SQL login 'NewTestUser' on 'DESKTOP-AD0K85U\MSSQL3'.
2026-04-14 19:15:03 [INFO] [DESKTOP-AD0K85U\MSSQL3] Failed to grant server role 'dbcreator' to 'NewTestUser' on 'DESKTOP-AD0K85U\MSSQL3': Exception calling "ShouldProcess" with "2" argument(s): "Object reference not set to an instance of an object."
2026-04-14 19:15:03 [INFO] [DESKTOP-AD0K85U\MSSQL3] [NewTestUser]
2026-04-14 19:15:03 [INFO] [DESKTOP-AD0K85U\MSSQL3] Created database user for 'NewTestUser' in 'InstanceTest1' on 'DESKTOP-AD0K85U\MSSQL3'.
2026-04-14 19:15:03 [INFO] [DESKTOP-AD0K85U\MSSQL3] Failed to grant DB role 'db_datareader' to 'NewTestUser' in 'InstanceTest1': Exception calling "ShouldProcess" with "2" argument(s): "Object reference not set to an instance of an object."
2026-04-14 19:15:03 [INFO] [DESKTOP-AD0K85U\MSSQL3] === Provisioning complete for 'NewTestUser' on 'DESKTOP-AD0K85U\MSSQL3' ===
2026-04-14 19:24:14 [INFO] Show-MainWindow: ShowDialog returned
2026-04-14 19:24:14 [INFO] Main window closed
2026-04-14 19:24:14 [INFO] App exiting
