2026-04-14 22:56:33 [INFO] App starting. User=steve Host=DESKTOP-AD0K85U
2026-04-14 22:56:35 [INFO] Provisioning module imported from E:\source\repo\SQL-New-User-App\source\UI\..\Provisioning\Provisioning.psm1
2026-04-14 22:56:35 [INFO] Showing login dialog
2026-04-14 23:40:06 [INFO] OK clicked. Raw text='DESKTOP-AD0K85U\steve'
2026-04-14 23:40:06 [INFO] OK handler set NewUserLogin='DESKTOP-AD0K85U\steve' AuthType='Windows'
2026-04-14 23:40:06 [INFO] Login dialog closed. NewUserLogin='DESKTOP-AD0K85U\steve' AuthType='Windows'
2026-04-14 23:40:06 [INFO] Opening main window
2026-04-14 23:40:06 [INFO] Show-MainWindow: loading XAML
2026-04-14 23:40:06 [INFO] Show-MainWindow: XAML loaded, wiring controls
2026-04-14 23:40:06 [INFO] Show-MainWindow: calling ShowDialog
2026-04-14 23:40:07 [INFO] Main window Loaded event fired
2026-04-14 23:40:19 [INFO] Loading access for 'DESKTOP-AD0K85U\steve' on DESKTOP-AD0K85U\MSSQL2
2026-04-14 23:40:21 [INFO] Loaded: ServerRoles=sysadmin DbRoles=
2026-04-14 23:40:29 [INFO] Loading access for 'NT Service\MSSQL$MSSQL2' on DESKTOP-AD0K85U\MSSQL2
2026-04-14 23:40:29 [INFO] Loaded: ServerRoles=sysadmin DbRoles=
2026-04-14 23:40:37 [INFO] Loading access for 'NT Service\MSSQL$MSSQL3' on DESKTOP-AD0K85U\MSSQL3
2026-04-14 23:40:38 [INFO] Loaded: ServerRoles=sysadmin DbRoles=
2026-04-14 23:40:57 [INFO] OK clicked. Raw text='DESKTOP-AD0K85U\steve'
2026-04-14 23:40:57 [INFO] OK handler set NewUserLogin='DESKTOP-AD0K85U\steve' AuthType='Windows'
2026-04-14 23:41:18 [INFO] Show-MainWindow: ShowDialog returned
2026-04-14 23:41:18 [INFO] Main window closed
2026-04-14 23:41:18 [INFO] App exiting
